LISTING FOR LOGIC DESCRIPTION FILE: ADDRESS-DECODER.pld              Page 1

CUPL(WM): Universal Compiler for Programmable Logic
Version 5.0a Serial# 60008009
Copyright (c) 1983, 1998 Logical Devices, Inc.
Created Thu Apr 04 20:21:00 2024

  1:Name     Apricot Xi 512K SRAM expansion address decode ;
  2:PartNo   00 ;
  3:Date     31/3/2024 ;
  4:Revision 01 ;
  5:Designer Engineer ;
  6:Company  Personal ;
  7:Assembly None ;
  8:Location  ;
  9:Device   g16v8 ;
 10:
 11:/* *************** INPUT PINS *********************/
 12:/*PIN  1 = NC; /**/ 
 13:/* PIN  2 = !SELECTED; /**/ 
 14:/* PIN  3 = SYS_TYPE; /**/ 
 15:PIN  4 = A17; /**/ 
 16:PIN  5 = A18; /**/ 
 17:PIN  6 = DEN; /**/ 
 18:PIN  7 = !MRDC; /**/ 
 19:PIN  8 = !MWTC;
 20:/* PIN  9 = !IORC; /**/
 21:/* PIN 11 = !IOWC; /**/
 22:
 23:/* *************** OUTPUT PINS *********************/
 24:/*PIN 12 = ; /**/
 25:/*PIN 13 = IO_R_W; /**/
 26:/*PIN 14 = !IO_OP; /**/
 27:PIN 15 = !MEM_OP;
 28:PIN 16 = !BOARD_OE;
 29:PIN 17 = !WE;
 30:PIN 18 = !MOE;
 31:/*PIN 19 = ; /**/
 32:
 33:HIGHMEM = A18 & !A17;
 34:LOWMEM = (A17 & !A18);
 35:
 36:SELECT = HIGHMEM # LOWMEM;
 37:
 38:BOARD_OE = SELECT & DEN;
 39:
 40:MEM_OP = MWTC # MRDC;
 41:BAD_MEM_OP = MWTC & MRDC;
 42:
 43:FULL_SELECT = SELECT & MEM_OP & !BAD_MEM_OP;
 44:
 45:MOE = FULL_SELECT & DEN;
 46:
 47:WE = FULL_SELECT & MWTC;
 48:
 49:



Jedec Fuse Checksum       (3f74)
Jedec Transmit Checksum   (e801)
